// Jest Snapshot v1, https://goo.gl/fbAQLP

exports[`Drawer it should match snapshot 1`] = `
<DocumentFragment>
  <div
    aria-hidden="true"
    class="drawer__overlay visible"
  />
  <div
    class="drawer drawer--left"
    data-testid="arke-drawer"
    role="presentation"
  >
    <div
      class="drawer__head"
    >
      <button
        class="btn drawer__close__button"
      >
        <svg
          class="h-4 w-4"
          data-testid="arke-drawer-close"
          fill="none"
          stroke="currentColor"
          stroke-width="1.5"
          viewBox="0 0 24 24"
          xmlns="http://www.w3.org/2000/svg"
        >
          <path
            d="M6 18L18 6M6 6l12 12"
            stroke-linecap="round"
            stroke-linejoin="round"
          />
        </svg>
      </button>
    </div>
  </div>
</DocumentFragment>
`;
