// Jest Snapshot v1, https://goo.gl/fbAQLP

exports[`Autocomplete should match snapshot 1`] = `
<DocumentFragment>
  <div
    class="relative"
  >
    <div
      class="relative flex items-center"
    >
      <div
        aria-expanded="false"
        aria-haspopup="listbox"
        class="w-full"
        data-headlessui-state=""
        id="headlessui-combobox-button-:r0:"
        tabindex="-1"
      >
        <div
          class="autocomplete__input__container"
        >
          <input
            class="autocomplete__input"
            data-testid="arke-autocomplete"
            value=""
          />
        </div>
      </div>
      <div
        class="autocomplete__endAdornment"
      >
        <button
          aria-expanded="false"
          aria-haspopup="listbox"
          data-headlessui-state=""
          id="headlessui-combobox-button-:r2:"
          tabindex="-1"
          type="button"
        >
          <svg
            class="autocomplete__endAdornment__icon"
            fill="none"
            stroke="currentColor"
            stroke-width="1.5"
            viewBox="0 0 24 24"
            xmlns="http://www.w3.org/2000/svg"
          >
            <path
              d="M8.25 15L12 18.75 15.75 15m-7.5-6L12 5.25 15.75 9"
              stroke-linecap="round"
              stroke-linejoin="round"
            />
          </svg>
        </button>
      </div>
    </div>
  </div>
</DocumentFragment>
`;
