// Jest Snapshot v1, https://goo.gl/fbAQLP

exports[`Switch should match snapshot 1`] = `
<DocumentFragment>
  <div
    class="flex flex-col justify-center gap-1 w-fit"
  >
    <div
      class="flex h-fit items-center"
    >
      <button
        aria-checked="false"
        class="switch__container switch__container--md"
        data-headlessui-state=""
        data-testid="arke-switch"
        id="headlessui-switch-:r0:"
        role="switch"
        tabindex="0"
        type="button"
      >
        <span
          class="switch translate-x-1 h-4 w-4"
        />
      </button>
    </div>
  </div>
</DocumentFragment>
`;
