// Jest Snapshot v1, https://goo.gl/fbAQLP

exports[`Button should match snapshot 1`] = `
<DocumentFragment>
  <button
    class="btn"
  >
    Button
  </button>
</DocumentFragment>
`;
