// Jest Snapshot v1, https://goo.gl/fbAQLP

exports[`RadioGroup should match snapshot 1`] = `
<DocumentFragment>
  <div
    class="w-fit radio__group flex flex-col"
    data-testid="arke-radio-group"
  >
    <div
      class="w-fit flex flex-row-reverse items-center gap-2"
    >
      <div
        class="border rounded-full h-4 w-4 relative flex justify-center items-center radio border-secondary radio--secondary"
        data-testid="arke-radio"
      >
        <input
          class="opacity-0"
          name="test"
          type="radio"
          value="option1"
        />
      </div>
    </div>
    <div
      class="w-fit flex flex-row-reverse items-center gap-2"
    >
      <div
        class="border rounded-full h-4 w-4 relative flex justify-center items-center radio border-secondary radio--secondary"
        data-testid="arke-radio"
      >
        <input
          class="opacity-0"
          name="test"
          type="radio"
          value="option2"
        />
      </div>
    </div>
    <div
      class="w-fit flex flex-row-reverse items-center gap-2"
    >
      <div
        class="border rounded-full h-4 w-4 relative flex justify-center items-center radio border-secondary radio--secondary"
        data-testid="arke-radio"
      >
        <input
          class="opacity-0"
          name="test"
          type="radio"
          value="option3"
        />
      </div>
    </div>
  </div>
</DocumentFragment>
`;
