// Jest Snapshot v1, https://goo.gl/fbAQLP

exports[`Skeleton should match snapshot 1`] = `
<DocumentFragment>
  <div
    class="skeleton"
    data-testid="arke-skeleton"
  />
</DocumentFragment>
`;
