// Jest Snapshot v1, https://goo.gl/fbAQLP

exports[`Accordion should match snapshot 1`] = `
<DocumentFragment>
  <div
    class="accordion"
    data-testid="arke-accordion"
  >
    <div
      class="accordion__summary"
      data-testid="arke-accordion-summary"
      role="button"
      tabindex="0"
    >
      <div
        class="accordion__summary__content"
      >
        Accordion title
      </div>
      <div
        class="accordion__summary__icon cursor-pointer rotate-180"
        data-testid="arke-accordion-icon"
      />
    </div>
    <div
      class="accordion__detail h-fit"
      data-testid="arke-accordion-detail"
    >
      Accordion title
    </div>
  </div>
</DocumentFragment>
`;
