// Jest Snapshot v1, https://goo.gl/fbAQLP

exports[`Popover should match snapshot 1`] = `
<DocumentFragment>
  <div
    class="relative"
    data-headlessui-state=""
    data-testid="arke-popover"
  >
    <button
      aria-expanded="false"
      class="focus-visible:outline-0"
      data-headlessui-state=""
      id="headlessui-popover-button-:r0:"
      type="button"
    >
      Test
    </button>
  </div>
</DocumentFragment>
`;
