// Jest Snapshot v1, https://goo.gl/fbAQLP

exports[`Select should match snapshot 1`] = `
<DocumentFragment>
  <div
    class="relative"
  >
    <div
      class="relative flex items-center"
    >
      <button
        aria-expanded="false"
        aria-haspopup="listbox"
        class="select__input"
        data-headlessui-state=""
        data-testid="arke-select"
        id="headlessui-listbox-button-:r0:"
        type="button"
      />
      <button
        aria-expanded="false"
        aria-haspopup="listbox"
        class="select__endAdornment"
        data-headlessui-state=""
        id="headlessui-listbox-button-:r1:"
        type="button"
      >
        <svg
          class="select__endAdornment__icon"
          fill="none"
          stroke="currentColor"
          stroke-width="1.5"
          viewBox="0 0 24 24"
          xmlns="http://www.w3.org/2000/svg"
        >
          <path
            d="M8.25 15L12 18.75 15.75 15m-7.5-6L12 5.25 15.75 9"
            stroke-linecap="round"
            stroke-linejoin="round"
          />
        </svg>
      </button>
    </div>
  </div>
</DocumentFragment>
`;
