// Jest Snapshot v1, https://goo.gl/fbAQLP

exports[`Breadcrumb should match snapshot 1`] = `
<div>
  <ul
    class="breadcrumb"
  />
</div>
`;
