// Jest Snapshot v1, https://goo.gl/fbAQLP

exports[`Badge should match snapshot 1`] = `
<DocumentFragment>
  <span
    class="relative"
  >
    <div
      class="badge"
      data-testid="arke-badge"
    />
    Badge
  </span>
</DocumentFragment>
`;
