// Jest Snapshot v1, https://goo.gl/fbAQLP

exports[`Radio should match snapshot 1`] = `
<DocumentFragment>
  <div
    class="w-fit flex flex-row-reverse items-center gap-2"
  >
    <div
      class="border rounded-full h-4 w-4 relative flex justify-center items-center radio border-secondary radio--secondary"
      data-testid="arke-radio"
    >
      <input
        class="opacity-0"
        type="radio"
        value="test"
      />
    </div>
  </div>
</DocumentFragment>
`;
