// Jest Snapshot v1, https://goo.gl/fbAQLP

exports[`Input should match snapshot 1`] = `
<DocumentFragment>
  <div>
    <input
      class="input"
      data-testid="arke-input"
      type="text"
      value="Value"
    />
  </div>
</DocumentFragment>
`;
