// Jest Snapshot v1, https://goo.gl/fbAQLP

exports[`Badge should match snapshot 1`] = `
<DocumentFragment>
  <div>
    <div
      class="badge"
      data-testid="arke-badge"
    />
    Badge
  </div>
</DocumentFragment>
`;
