// Jest Snapshot v1, https://goo.gl/fbAQLP

exports[`Radio should match snapshot 1`] = `
<DocumentFragment>
  <div
    class="radio__container w-fit flex flex-row-reverse items-center gap-2"
  >
    <div
      class="radio radio--secondary"
      data-testid="arke-radio"
    >
      <input
        class="opacity-0"
        type="radio"
        value="test"
      />
    </div>
  </div>
</DocumentFragment>
`;
